EN og NULL C:/Users/HP/Desktop/Temp/Note/CA/ORG/og.vhd sub00/vhpl00 1655131776
AR og behavioral C:/Users/HP/Desktop/Temp/Note/CA/ORG/og.vhd sub00/vhpl01 1655131777
EN wog NULL C:/Users/HP/Desktop/Temp/Note/CA/ORG/wog.vhw sub00/vhpl02 1655131778
AR wog testbench_arch C:/Users/HP/Desktop/Temp/Note/CA/ORG/wog.vhw sub00/vhpl03 1655131779
