V3 3
FL C:/Users/HP/Desktop/Temp/Note/CA/DFHSUB/hsubtractor.vhd 2022/06/13.20:41:27 J.36
EN work/hsubtractor 1655133157 \
      FL C:/Users/HP/Desktop/Temp/Note/CA/DFHSUB/hsubtractor.vhd \
      PB ieee/std_logic_1164 1177545575 PB ieee/std_logic_arith 1177545576 \
      PB ieee/STD_LOGIC_UNSIGNED 1177545583
AR work/hsubtractor/Behavioral 1655133158 \
      FL C:/Users/HP/Desktop/Temp/Note/CA/DFHSUB/hsubtractor.vhd \
      EN work/hsubtractor 1655133157
