V3 3
FL C:/Users/HP/Desktop/Temp/Note/CA/DFLIPFLOP/dff.vhd 2022/06/13.21:45:03 J.36
EN work/dff 1655137145 FL C:/Users/HP/Desktop/Temp/Note/CA/DFLIPFLOP/dff.vhd \
      PB ieee/std_logic_1164 1177545575 PB ieee/std_logic_arith 1177545576 \
      PB ieee/STD_LOGIC_UNSIGNED 1177545583
AR work/dff/Behavioral 1655137146 \
      FL C:/Users/HP/Desktop/Temp/Note/CA/DFLIPFLOP/dff.vhd EN work/dff 1655137145
