EN whsubtractor NULL C:/Users/HP/Desktop/Temp/Note/CA/DFHSUB/whsubtractor.vhw sub00/vhpl02 1655133179
EN hsubtractor NULL C:/Users/HP/Desktop/Temp/Note/CA/DFHSUB/hsubtractor.vhd sub00/vhpl00 1655133177
AR hsubtractor behavioral C:/Users/HP/Desktop/Temp/Note/CA/DFHSUB/hsubtractor.vhd sub00/vhpl01 1655133178
AR whsubtractor testbench_arch C:/Users/HP/Desktop/Temp/Note/CA/DFHSUB/whsubtractor.vhw sub00/vhpl03 1655133180
