AR fadder behavioral C:/Users/HP/Desktop/Temp/Note/CA/DFFAD/fadder.vhd sub00/vhpl01 1655132806
AR wfadder testbench_arch C:/Users/HP/Desktop/Temp/Note/CA/DFFAD/wfadder.vhw sub00/vhpl03 1655132808
EN fadder NULL C:/Users/HP/Desktop/Temp/Note/CA/DFFAD/fadder.vhd sub00/vhpl00 1655132805
EN wfadder NULL C:/Users/HP/Desktop/Temp/Note/CA/DFFAD/wfadder.vhw sub00/vhpl02 1655132807
