V3 3
FL C:/Users/HP/Desktop/Temp/Note/CA/ORG/og.vhd 2022/06/13.20:18:17 J.36
EN work/og 1655131756 FL C:/Users/HP/Desktop/Temp/Note/CA/ORG/og.vhd \
      PB ieee/std_logic_1164 1177545575 PB ieee/std_logic_arith 1177545576 \
      PB ieee/STD_LOGIC_UNSIGNED 1177545583
AR work/og/Behavioral 1655131757 \
      FL C:/Users/HP/Desktop/Temp/Note/CA/ORG/og.vhd EN work/og 1655131756
