EN ag NULL C:/Users/HP/Desktop/Temp/Note/CA/ANDG/ag.vhd sub00/vhpl00 1655131594
AR ag behavioral C:/Users/HP/Desktop/Temp/Note/CA/ANDG/ag.vhd sub00/vhpl01 1655131595
EN wag NULL C:/Users/HP/Desktop/Temp/Note/CA/ANDG/wag.vhw sub00/vhpl02 1655131596
AR wag testbench_arch C:/Users/HP/Desktop/Temp/Note/CA/ANDG/wag.vhw sub00/vhpl03 1655131597
