EN wxg NULL C:/Users/HP/Desktop/Temp/Note/CA/XORG/wxg.vhw sub00/vhpl02 1655132137
AR wxg testbench_arch C:/Users/HP/Desktop/Temp/Note/CA/XORG/wxg.vhw sub00/vhpl03 1655132138
EN xg NULL C:/Users/HP/Desktop/Temp/Note/CA/XORG/xg.vhd sub00/vhpl00 1655132135
AR xg behavioral C:/Users/HP/Desktop/Temp/Note/CA/XORG/xg.vhd sub00/vhpl01 1655132136
