EN dff NULL C:/Users/HP/Desktop/Temp/Note/CA/DFLIPFLOP/dff.vhd sub00/vhpl00 1655137034
AR dff behavioral C:/Users/HP/Desktop/Temp/Note/CA/DFLIPFLOP/dff.vhd sub00/vhpl01 1655137035
EN wdff NULL C:/Users/HP/Desktop/Temp/Note/CA/DFLIPFLOP/wdff.vhw sub00/vhpl02 1655137173
AR wdff testbench_arch C:/Users/HP/Desktop/Temp/Note/CA/DFLIPFLOP/wdff.vhw sub00/vhpl03 1655137174
