AR waluu testbench_arch C:/Users/HP/Desktop/Temp/Note/CA/ALU/waluu.vhw sub00/vhpl03 1655140041
EN aluu NULL C:/Users/HP/Desktop/Temp/Note/CA/ALU/aluu.vhd sub00/vhpl00 1655139390
AR aluu behavioral C:/Users/HP/Desktop/Temp/Note/CA/ALU/aluu.vhd sub00/vhpl01 1655139391
EN waluu NULL C:/Users/HP/Desktop/Temp/Note/CA/ALU/waluu.vhw sub00/vhpl02 1655140040
