EN ag NULL C:/Users/HP/Desktop/Temp/Note/CA/ANDG/ag.vhd sub00/vhpl04 1655135372
EN hsubtractor NULL C:/Users/HP/Desktop/Temp/Note/CA/SSHSUB/hsubtractor.vhd sub00/vhpl06 1655135413
AR hsubtractor behavioral C:/Users/HP/Desktop/Temp/Note/CA/SSHSUB/hsubtractor.vhd sub00/vhpl07 1655135414
AR ng behavioral C:/Users/HP/Desktop/Temp/Note/CA/NOTG/ng.vhd sub00/vhpl03 1655135371
EN ng NULL C:/Users/HP/Desktop/Temp/Note/CA/NOTG/ng.vhd sub00/vhpl02 1655135370
AR ag behavioral C:/Users/HP/Desktop/Temp/Note/CA/ANDG/ag.vhd sub00/vhpl05 1655135373
EN xg NULL C:/Users/HP/Desktop/Temp/Note/CA/XORG/xg.vhd sub00/vhpl00 1655135368
AR xg behavioral C:/Users/HP/Desktop/Temp/Note/CA/XORG/xg.vhd sub00/vhpl01 1655135369
