EN whadder NULL C:/Users/HP/Desktop/Temp/Note/CA/DFHAD/whadder.vhw sub00/vhpl02 1655132387
AR whadder testbench_arch C:/Users/HP/Desktop/Temp/Note/CA/DFHAD/whadder.vhw sub00/vhpl03 1655132388
AR hadder behavioral C:/Users/HP/Desktop/Temp/Note/CA/DFHAD/hadder.vhd sub00/vhpl01 1655132386
EN hadder NULL C:/Users/HP/Desktop/Temp/Note/CA/DFHAD/hadder.vhd sub00/vhpl00 1655132385
