EN dff NULL C:/Users/HP/Desktop/Temp/Note/CA/DFLIPFLOP/dff.vhd sub00/vhpl00 1655138428
AR dff behavioral C:/Users/HP/Desktop/Temp/Note/CA/DFLIPFLOP/dff.vhd sub00/vhpl01 1655138429
AR sr behavioral C:/Users/HP/Desktop/Temp/Note/CA/SHIFTREG/sr.vhd sub00/vhpl03 1655138457
EN sr NULL C:/Users/HP/Desktop/Temp/Note/CA/SHIFTREG/sr.vhd sub00/vhpl02 1655138456
