V3 3
FL C:/Users/HP/Desktop/Temp/Note/CA/DFFSUB/fsubtractor.vhd 2022/06/13.20:46:56 J.36
EN work/fsubtractor 1655133477 \
      FL C:/Users/HP/Desktop/Temp/Note/CA/DFFSUB/fsubtractor.vhd \
      PB ieee/std_logic_1164 1177545575 PB ieee/std_logic_arith 1177545576 \
      PB ieee/STD_LOGIC_UNSIGNED 1177545583
AR work/fsubtractor/Behavioral 1655133478 \
      FL C:/Users/HP/Desktop/Temp/Note/CA/DFFSUB/fsubtractor.vhd \
      EN work/fsubtractor 1655133477
