EN ag NULL C:/Users/HP/Desktop/Temp/Note/CA/ANDG/ag.vhd sub00/vhpl02 1655134099
AR ag behavioral C:/Users/HP/Desktop/Temp/Note/CA/ANDG/ag.vhd sub00/vhpl03 1655134100
EN xg NULL C:/Users/HP/Desktop/Temp/Note/CA/XORG/xg.vhd sub00/vhpl00 1655134097
AR hadder behavioral C:/Users/HP/Desktop/Temp/Note/CA/SSHAD/hadder.vhd sub00/vhpl05 1655134148
AR xg behavioral C:/Users/HP/Desktop/Temp/Note/CA/XORG/xg.vhd sub00/vhpl01 1655134098
EN hadder NULL C:/Users/HP/Desktop/Temp/Note/CA/SSHAD/hadder.vhd sub00/vhpl04 1655134147
