EN ag NULL C:/Users/HP/Desktop/Temp/Note/CA/ANDG/ag.vhd sub00/vhpl04 1655136173
AR ng behavioral C:/Users/HP/Desktop/Temp/Note/CA/NOTG/ng.vhd sub00/vhpl03 1655136172
EN ng NULL C:/Users/HP/Desktop/Temp/Note/CA/NOTG/ng.vhd sub00/vhpl02 1655136171
EN og NULL C:/Users/HP/Desktop/Temp/Note/CA/ORG/og.vhd sub00/vhpl06 1655136175
AR ag behavioral C:/Users/HP/Desktop/Temp/Note/CA/ANDG/ag.vhd sub00/vhpl05 1655136174
AR og behavioral C:/Users/HP/Desktop/Temp/Note/CA/ORG/og.vhd sub00/vhpl07 1655136176
EN xg NULL C:/Users/HP/Desktop/Temp/Note/CA/XORG/xg.vhd sub00/vhpl00 1655136169
EN fsubtractor NULL C:/Users/HP/Desktop/Temp/Note/CA/SSFSUB/fsubtractor.vhd sub00/vhpl08 1655136233
AR xg behavioral C:/Users/HP/Desktop/Temp/Note/CA/XORG/xg.vhd sub00/vhpl01 1655136170
AR fsubtractor behavioral C:/Users/HP/Desktop/Temp/Note/CA/SSFSUB/fsubtractor.vhd sub00/vhpl09 1655136234
