AR ng behavioral C:/Users/HP/Desktop/Temp/Note/CA/NOTG/ng.vhd sub00/vhpl01 1655131956
EN ng NULL C:/Users/HP/Desktop/Temp/Note/CA/NOTG/ng.vhd sub00/vhpl00 1655131955
EN wng NULL C:/Users/HP/Desktop/Temp/Note/CA/NOTG/wng.vhw sub00/vhpl02 1655131957
AR wng testbench_arch C:/Users/HP/Desktop/Temp/Note/CA/NOTG/wng.vhw sub00/vhpl03 1655131958
