AR fadder behavioral C:/Users/HP/Desktop/Temp/Note/CA/SSFAD/fadder.vhd sub00/vhpl05 1655134934
EN og NULL C:/Users/HP/Desktop/Temp/Note/CA/SSFAD/../ORG/og.vhd sub00/vhpl02 1655134931
AR wfadder testbench_arch C:/Users/HP/Desktop/Temp/Note/CA/SSFAD/wfadder.vhw sub00/vhpl07 1655134936
AR og behavioral C:/Users/HP/Desktop/Temp/Note/CA/SSFAD/../ORG/og.vhd sub00/vhpl03 1655134932
EN fadder NULL C:/Users/HP/Desktop/Temp/Note/CA/SSFAD/fadder.vhd sub00/vhpl04 1655134933
EN wfadder NULL C:/Users/HP/Desktop/Temp/Note/CA/SSFAD/wfadder.vhw sub00/vhpl06 1655134935
AR hadder behavioral C:/Users/HP/Desktop/Temp/Note/CA/SSFAD/../DFHAD/hadder.vhd sub00/vhpl01 1655134930
EN hadder NULL C:/Users/HP/Desktop/Temp/Note/CA/SSFAD/../DFHAD/hadder.vhd sub00/vhpl00 1655134929
