AR fadder behavioral C:/Users/HP/Desktop/Temp/Note/CA/SSFAD/fadder.vhd sub00/vhpl05 1655134875
EN og NULL C:/Users/HP/Desktop/Temp/Note/CA/ORG/og.vhd sub00/vhpl02 1655134833
AR og behavioral C:/Users/HP/Desktop/Temp/Note/CA/ORG/og.vhd sub00/vhpl03 1655134834
EN fadder NULL C:/Users/HP/Desktop/Temp/Note/CA/SSFAD/fadder.vhd sub00/vhpl04 1655134874
AR hadder behavioral C:/Users/HP/Desktop/Temp/Note/CA/DFHAD/hadder.vhd sub00/vhpl01 1655134832
EN hadder NULL C:/Users/HP/Desktop/Temp/Note/CA/DFHAD/hadder.vhd sub00/vhpl00 1655134831
