V3 11
FL C:/Users/HP/Desktop/Temp/Note/CA/DFHAD/hadder.vhd 2022/06/13.20:28:18 J.36
EN work/hadder 1655134831 FL C:/Users/HP/Desktop/Temp/Note/CA/DFHAD/hadder.vhd \
      PB ieee/std_logic_1164 1177545575 PB ieee/std_logic_arith 1177545576 \
      PB ieee/STD_LOGIC_UNSIGNED 1177545583
AR work/hadder/Behavioral 1655134832 \
      FL C:/Users/HP/Desktop/Temp/Note/CA/DFHAD/hadder.vhd EN work/hadder 1655134831
FL C:/Users/HP/Desktop/Temp/Note/CA/ORG/og.vhd 2022/06/13.20:18:17 J.36
EN work/og 1655134833 FL C:/Users/HP/Desktop/Temp/Note/CA/ORG/og.vhd \
      PB ieee/std_logic_1164 1177545575 PB ieee/std_logic_arith 1177545576 \
      PB ieee/STD_LOGIC_UNSIGNED 1177545583
AR work/og/Behavioral 1655134834 \
      FL C:/Users/HP/Desktop/Temp/Note/CA/ORG/og.vhd EN work/og 1655134833
FL C:/Users/HP/Desktop/Temp/Note/CA/SSFAD/fadder.vhd 2022/06/13.21:10:08 J.36
EN work/fadder 1655134874 FL C:/Users/HP/Desktop/Temp/Note/CA/SSFAD/fadder.vhd \
      PB ieee/std_logic_1164 1177545575 PB ieee/std_logic_arith 1177545576 \
      PB ieee/STD_LOGIC_UNSIGNED 1177545583
AR work/fadder/Behavioral 1655134875 \
      FL C:/Users/HP/Desktop/Temp/Note/CA/SSFAD/fadder.vhd EN work/fadder 1655134874 \
      CP hadder CP og
